// Jest Snapshot v1, https://goo.gl/fbAQLP

exports[`listJsonLd add schema.org to head 1`] = `
Array [
  Object {
    "@context": "https://schema.org",
    "@type": "BlogPosting",
    "dateCreated": "2019-03-03T19:00:00.000-05:00",
    "description": "Some description",
    "headline": "Second post",
    "keywords": Array [
      "javascript",
      "rxjs",
    ],
    "text": "<p>This is my very first post1</p>
<pre><code class=\\"language-ShellSession\\">$ npm install --save-dev sambal-cli</code></pre>
<p>Sambal has <a href=\\"https://webpack.org\\">webpack</a>, <a href=\\"https://webpack.org\\">webpack</a>, <a href=\\"https://webpack.org\\">webpack</a> to do with something else</p>
<pre><code class=\\"language-js\\">import {pipe, from, of} from &quot;rxjs&quot;;
import {mergeMap, map, groupBy, reduce, toArray} from &quot;rxjs/operators&quot;;

function aggregateBy(field) {
    return pipe(
        map((data) =&gt; data[field]),
        mergeMap(fieldValue =&gt; Array.isArray(fieldValue) ? from(fieldValue) : of(fieldValue)),
        groupBy(v =&gt; v),
        mergeMap(group$ =&gt;
            group$.pipe(reduce((acc, cur) =&gt; {
                acc.count++;
                return acc;
            }, {key: group$.key, count: 0}))    
        ),
        toArray()
    );
}</code></pre>
",
  },
]
`;
