// Jest Snapshot v1, https://goo.gl/fbAQLP

exports[`Media load local image object 1`] = `
Object {
  "@type": "ImageObject",
  "contentSize": "399 kB",
  "contentUrl": "/images/image2.jpg",
  "encodingFormat": "image/jpeg",
  "height": 853,
  "name": "My Background",
  "thumbnail": Array [
    Object {
      "@type": "ImageObject",
      "contentSize": "1 kB",
      "contentUrl": "/images/background50.jpeg",
      "encodingFormat": "image/jpeg",
      "height": 50,
      "width": 75,
    },
  ],
  "width": 1280,
}
`;

exports[`Media load local image path 1`] = `
Object {
  "@type": "ImageObject",
  "contentSize": "51 kB",
  "contentUrl": "/images/image2.webp",
  "encodingFormat": "image/webp",
  "height": 333,
  "width": 500,
}
`;
