// Jest Snapshot v1, https://goo.gl/fbAQLP

exports[`Renderer render using mock-theme 1`] = `
"
        <html>
            <head>
                <script src=\\"/js/main.7052bf0ac25de26ce68e.js\\"></script>
                <script src=\\"/js/main.aa4bac5091606d7c3286.js\\"></script>
                <link rel=\\"stylesheet\\" href=\\"/mock-theme/theme.Lpjvzyneslx4vFRCS_x-VHb_rf0.css\\">
                <link rel=\\"stylesheet\\" href=\\"/node_modules/@fontsource/roboto/300.fc7jZ3ovBRwuUs8Nzx6S0gvHi0k.css\\">
                <style>
                    pre[class*=&quot;language-&quot;] {
                        margin-top: 24px;
                        margin-bottom: 24px;
                    }
                </style>
            <script type=\\"application/ld+json\\">{
    \\"@context\\": \\"https://schema.org\\",
    \\"@type\\": \\"Person\\",
    \\"name\\": \\"John Smith\\"
}</script><link rel=\\"canonical\\" href=\\"https://example.com/dummy\\"><meta name=\\"og:url\\" content=\\"https://example.com/dummy\\"><title>John Smith</title><meta name=\\"twitter:title\\" content=\\"John Smith\\"><meta name=\\"og:title\\" content=\\"John Smith\\"></head>
            <body>
                <h1>Hello from mock theme</h1>
                <p>test1</p>
            </body>
        </html>
    "
`;
