// Jest Snapshot v1, https://goo.gl/fbAQLP

exports[`Renderer render using mock-theme 1`] = `
"
                <html>
                    <head>
            
        <link rel=\\"canonical\\" href=\\"https://example.com/dummy\\" />
        <title>John Smith</title>
    
            
        <meta name=\\"twitter:card\\" content=\\"summary\\" />
        <meta name=\\"twitter:title\\" content=\\"John Smith\\" />
        
    
            
        <meta name=\\"og:url\\" content=\\"https://example.com/dummy\\" />
        <meta name=\\"og:title\\" content=\\"John Smith\\" />
        
    
         
                        <script src=\\"/js/mock-theme/client.123.js\\"></script>
                    
        <script type=\\"application/ld+json\\">
            {
    \\"@context\\": \\"https://schema.org\\",
    \\"@type\\": \\"Person\\",
    \\"name\\": \\"John Smith\\"
}
        </script></head>
                    <body>
                        <h1>Hello from mock theme</h1>
                    </body>
                </html>
            "
`;
