// Jest Snapshot v1, https://goo.gl/fbAQLP

exports[`UriResolver get blog1 1`] = `
Object {
  "@type": "BlogPosting",
  "author": Object {
    "@id": "johnsmith",
  },
  "dateCreated": 2019-10-26T00:00:00.000Z,
  "dateModified": 2019-10-26T00:00:00.000Z,
  "encodingFormat": "text/markdown",
  "headline": "My first blog",
  "keywords": Array [
    "rxjs",
    "java script",
  ],
  "position": 1,
  "text": "

Hello world",
}
`;

exports[`UriResolver get image2 1`] = `
Object {
  "@type": "ImageObject",
  "contentSize": "51 kB",
  "contentUrl": "/images/image2.webp",
  "encodingFormat": "image/webp",
  "height": 333,
  "thumbnail": Array [
    Object {
      "@type": "ImageObject",
      "contentSize": "1 kB",
      "contentUrl": "/images/image2-50.webp",
      "encodingFormat": "image/webp",
      "height": 50,
      "width": 75,
    },
  ],
  "width": 500,
}
`;

exports[`UriResolver get johnsmith 1`] = `
Object {
  "@type": "Person",
  "email": "smitty123@hotmail.com",
  "familyName": "Smith",
  "givenName": "John",
  "name": "John Smith",
}
`;
